{'estimator__C': 10, 'estimator__epsilon': 0.5, 'estimator__kernel': 'rbf'}
-86.8995557847154
--------------------------------------60.0% SpectralClustering(affinity='rbf', assign_labels='kmeans', coef0=1, degree=3,
          eigen_solver=None, eigen_tol=0.0, gamma=1.0, kernel_params=None,
          n_clusters=8, n_init=10, n_jobs=1, n_neighbors=10,
          random_state=None)
{'estimator__C': 10, 'estimator__epsilon': 0.5, 'estimator__kernel': 'rbf'}
-52.04272607162952
--------------------------------------60.0% KMeans(algorithm='auto', copy_x=True, init='k-means++', max_iter=300,
    n_clusters=8, n_init=10, n_jobs=1, precompute_distances='auto',
    random_state=None, tol=0.0001, verbose=0)
{'estimator__C': 10, 'estimator__epsilon': 0.5, 'estimator__kernel': 'rbf'}
-51.67614097510177
--------------------------------------60.0% AgglomerativeClustering(affinity='euclidean', compute_full_tree='auto',
            connectivity=None, linkage='ward', memory=None, n_clusters=2,
            pooling_func=<function mean at 0x7f4f3c795620>)
{'estimator__C': 10, 'estimator__epsilon': 0.5, 'estimator__kernel': 'rbf'}
-52.029695088229545
--------------------------------------60.0% Birch(branching_factor=50, compute_labels=True, copy=True, n_clusters=3,
   threshold=0.5)
{'estimator__C': 10, 'estimator__epsilon': 0.5, 'estimator__kernel': 'rbf'}
-52.029695088229545
--------------------------------------70.0% SpectralClustering(affinity='rbf', assign_labels='kmeans', coef0=1, degree=3,
          eigen_solver=None, eigen_tol=0.0, gamma=1.0, kernel_params=None,
          n_clusters=8, n_init=10, n_jobs=1, n_neighbors=10,
          random_state=None)
{'estimator__C': 10, 'estimator__epsilon': 0.5, 'estimator__kernel': 'rbf'}
-52.746441434652546
--------------------------------------70.0% KMeans(algorithm='auto', copy_x=True, init='k-means++', max_iter=300,
    n_clusters=8, n_init=10, n_jobs=1, precompute_distances='auto',
    random_state=None, tol=0.0001, verbose=0)
{'estimator__C': 10, 'estimator__epsilon': 0.5, 'estimator__kernel': 'rbf'}
-50.50529806681424
--------------------------------------70.0% AgglomerativeClustering(affinity='euclidean', compute_full_tree='auto',
            connectivity=None, linkage='ward', memory=None, n_clusters=2,
            pooling_func=<function mean at 0x7f4f3c795620>)
{'estimator__C': 10, 'estimator__epsilon': 0.5, 'estimator__kernel': 'rbf'}
-50.174111230968336
--------------------------------------70.0% Birch(branching_factor=50, compute_labels=True, copy=True, n_clusters=3,
   threshold=0.5)
{'estimator__C': 10, 'estimator__epsilon': 0.5, 'estimator__kernel': 'rbf'}
-50.174111230968336
--------------------------------------80.0% SpectralClustering(affinity='rbf', assign_labels='kmeans', coef0=1, degree=3,
          eigen_solver=None, eigen_tol=0.0, gamma=1.0, kernel_params=None,
          n_clusters=8, n_init=10, n_jobs=1, n_neighbors=10,
          random_state=None)
{'estimator__C': 10, 'estimator__epsilon': 0.5, 'estimator__kernel': 'rbf'}
-51.83499723930935
--------------------------------------80.0% KMeans(algorithm='auto', copy_x=True, init='k-means++', max_iter=300,
    n_clusters=8, n_init=10, n_jobs=1, precompute_distances='auto',
    random_state=None, tol=0.0001, verbose=0)
{'estimator__C': 10, 'estimator__epsilon': 0.5, 'estimator__kernel': 'rbf'}
-48.84913428392856
--------------------------------------80.0% AgglomerativeClustering(affinity='euclidean', compute_full_tree='auto',
            connectivity=None, linkage='ward', memory=None, n_clusters=2,
            pooling_func=<function mean at 0x7f4f3c795620>)
{'estimator__C': 10, 'estimator__epsilon': 0.5, 'estimator__kernel': 'rbf'}
-49.04303067166908
--------------------------------------80.0% Birch(branching_factor=50, compute_labels=True, copy=True, n_clusters=3,
   threshold=0.5)
{'estimator__C': 10, 'estimator__epsilon': 0.5, 'estimator__kernel': 'rbf'}
-49.04303067166908
--------------------------------------90.0% SpectralClustering(affinity='rbf', assign_labels='kmeans', coef0=1, degree=3,
          eigen_solver=None, eigen_tol=0.0, gamma=1.0, kernel_params=None,
          n_clusters=8, n_init=10, n_jobs=1, n_neighbors=10,
          random_state=None)
{'estimator__C': 10, 'estimator__epsilon': 0.5, 'estimator__kernel': 'rbf'}
-51.484971699724
--------------------------------------90.0% KMeans(algorithm='auto', copy_x=True, init='k-means++', max_iter=300,
    n_clusters=8, n_init=10, n_jobs=1, precompute_distances='auto',
    random_state=None, tol=0.0001, verbose=0)
{'estimator__C': 10, 'estimator__epsilon': 0.5, 'estimator__kernel': 'rbf'}
-47.936468237845766
--------------------------------------90.0% AgglomerativeClustering(affinity='euclidean', compute_full_tree='auto',
            connectivity=None, linkage='ward', memory=None, n_clusters=2,
            pooling_func=<function mean at 0x7f4f3c795620>)
{'estimator__C': 10, 'estimator__epsilon': 0.5, 'estimator__kernel': 'rbf'}
-47.938758984045904
--------------------------------------90.0% Birch(branching_factor=50, compute_labels=True, copy=True, n_clusters=3,
   threshold=0.5)
{'estimator__C': 10, 'estimator__epsilon': 0.5, 'estimator__kernel': 'rbf'}
-47.938758984045904





{'estimator__C': 10, 'estimator__epsilon': 0.5, 'estimator__kernel': 'rbf'}
-5948.853003692122
--------------------------------------60.0% SpectralClustering(affinity='rbf', assign_labels='kmeans', coef0=1, degree=3,
          eigen_solver=None, eigen_tol=0.0, gamma=1.0, kernel_params=None,
          n_clusters=8, n_init=10, n_jobs=1, n_neighbors=10,
          random_state=None)
{'estimator__C': 10, 'estimator__epsilon': 1.5, 'estimator__kernel': 'rbf'}
-5955.713940727407
--------------------------------------60.0% KMeans(algorithm='auto', copy_x=True, init='k-means++', max_iter=300,
    n_clusters=8, n_init=10, n_jobs=1, precompute_distances='auto',
    random_state=None, tol=0.0001, verbose=0)
{'estimator__C': 10, 'estimator__epsilon': 1.5, 'estimator__kernel': 'rbf'}
-5860.434539109574
--------------------------------------60.0% AgglomerativeClustering(affinity='euclidean', compute_full_tree='auto',
            connectivity=None, linkage='ward', memory=None, n_clusters=2,
            pooling_func=<function mean at 0x7f4f3c795620>)
{'estimator__C': 10, 'estimator__epsilon': 2.5, 'estimator__kernel': 'rbf'}
-5836.617162206584
--------------------------------------60.0% Birch(branching_factor=50, compute_labels=True, copy=True, n_clusters=3,
   threshold=0.5)
{'estimator__C': 10, 'estimator__epsilon': 3, 'estimator__kernel': 'rbf'}
-5955.915182140374
--------------------------------------70.0% SpectralClustering(affinity='rbf', assign_labels='kmeans', coef0=1, degree=3,
          eigen_solver=None, eigen_tol=0.0, gamma=1.0, kernel_params=None,
          n_clusters=8, n_init=10, n_jobs=1, n_neighbors=10,
          random_state=None)
{'estimator__C': 10, 'estimator__epsilon': 0.5, 'estimator__kernel': 'rbf'}
-5891.94264959302
--------------------------------------70.0% KMeans(algorithm='auto', copy_x=True, init='k-means++', max_iter=300,
    n_clusters=8, n_init=10, n_jobs=1, precompute_distances='auto',
    random_state=None, tol=0.0001, verbose=0)
{'estimator__C': 10, 'estimator__epsilon': 0.5, 'estimator__kernel': 'rbf'}
-5851.951116037147
--------------------------------------70.0% AgglomerativeClustering(affinity='euclidean', compute_full_tree='auto',
            connectivity=None, linkage='ward', memory=None, n_clusters=2,
            pooling_func=<function mean at 0x7f4f3c795620>)
{'estimator__C': 10, 'estimator__epsilon': 0.5, 'estimator__kernel': 'rbf'}
-5841.15873494219
--------------------------------------70.0% Birch(branching_factor=50, compute_labels=True, copy=True, n_clusters=3,
   threshold=0.5)
{'estimator__C': 10, 'estimator__epsilon': 3, 'estimator__kernel': 'rbf'}
-5955.915182140374
--------------------------------------80.0% SpectralClustering(affinity='rbf', assign_labels='kmeans', coef0=1, degree=3,
          eigen_solver=None, eigen_tol=0.0, gamma=1.0, kernel_params=None,
          n_clusters=8, n_init=10, n_jobs=1, n_neighbors=10,
          random_state=None)
{'estimator__C': 10, 'estimator__epsilon': 0.5, 'estimator__kernel': 'rbf'}
-5904.657582920528
--------------------------------------80.0% KMeans(algorithm='auto', copy_x=True, init='k-means++', max_iter=300,
    n_clusters=8, n_init=10, n_jobs=1, precompute_distances='auto',
    random_state=None, tol=0.0001, verbose=0)
{'estimator__C': 10, 'estimator__epsilon': 0.5, 'estimator__kernel': 'rbf'}
-5856.916240291581
--------------------------------------80.0% AgglomerativeClustering(affinity='euclidean', compute_full_tree='auto',
            connectivity=None, linkage='ward', memory=None, n_clusters=2,
            pooling_func=<function mean at 0x7f4f3c795620>)
{'estimator__C': 10, 'estimator__epsilon': 0.5, 'estimator__kernel': 'rbf'}
-5841.7404000237675
--------------------------------------80.0% Birch(branching_factor=50, compute_labels=True, copy=True, n_clusters=3,
   threshold=0.5)
{'estimator__C': 10, 'estimator__epsilon': 3, 'estimator__kernel': 'rbf'}
-5955.915182140374
--------------------------------------90.0% SpectralClustering(affinity='rbf', assign_labels='kmeans', coef0=1, degree=3,
          eigen_solver=None, eigen_tol=0.0, gamma=1.0, kernel_params=None,
          n_clusters=8, n_init=10, n_jobs=1, n_neighbors=10,
          random_state=None)
{'estimator__C': 10, 'estimator__epsilon': 2, 'estimator__kernel': 'rbf'}
-5874.540925592485
--------------------------------------90.0% KMeans(algorithm='auto', copy_x=True, init='k-means++', max_iter=300,
    n_clusters=8, n_init=10, n_jobs=1, precompute_distances='auto',
    random_state=None, tol=0.0001, verbose=0)
{'estimator__C': 10, 'estimator__epsilon': 2, 'estimator__kernel': 'rbf'}
-5824.7604910738555
--------------------------------------90.0% AgglomerativeClustering(affinity='euclidean', compute_full_tree='auto',
            connectivity=None, linkage='ward', memory=None, n_clusters=2,
            pooling_func=<function mean at 0x7f4f3c795620>)
{'estimator__C': 10, 'estimator__epsilon': 3, 'estimator__kernel': 'rbf'}
-5815.555949301327
--------------------------------------90.0% Birch(branching_factor=50, compute_labels=True, copy=True, n_clusters=3,
   threshold=0.5)
{'estimator__C': 10, 'estimator__epsilon': 3, 'estimator__kernel': 'rbf'}
-5955.915182140374
